// Jest Snapshot v1, https://goo.gl/fbAQLP

exports[`Frame it works 1`] = `
.c0 {
  display: block;
  width: 100vw;
  height: 200px;
  overflow: hidden;
  background: grey;
  position: relative;
}

<div
  class="c0"
  height="200"
/>
`;
